[0m13:02:40.392343 [debug] [MainThread]: Sending event: {'category': 'dbt', 'action': 'invocation', 'label': 'start', 'context': [<snowplow_tracker.self_describing_json.SelfDescribingJson object at 0x7fe23ba77c20>, <snowplow_tracker.self_describing_json.SelfDescribingJson object at 0x7fe23bff9cd0>, <snowplow_tracker.self_describing_json.SelfDescribingJson object at 0x7fe23bffb3e0>]}


============================== 13:02:40.401393 | 29ffdcda-5a1a-4594-b73d-182deb8a7962 ==============================
[0m13:02:40.401393 [info ] [MainThread]: Running with dbt=1.9.0
[0m13:02:40.402617 [debug] [MainThread]: running dbt with arguments {'printer_width': '80', 'indirect_selection': 'eager', 'write_json': 'True', 'log_cache_events': 'False', 'partial_parse': 'True', 'cache_selected_only': 'False', 'profiles_dir': '/root/.dbt', 'fail_fast': 'False', 'debug': 'False', 'log_path': 'logs', 'version_check': 'True', 'warn_error': 'None', 'use_colors': 'True', 'use_experimental_parser': 'False', 'empty': 'None', 'quiet': 'False', 'no_print': 'None', 'warn_error_options': 'WarnErrorOptions(include=[], exclude=[])', 'introspect': 'True', 'invocation_command': 'dbt init my_project', 'static_parser': 'True', 'target_path': 'None', 'log_format': 'default', 'send_anonymous_usage_stats': 'True'}
[0m13:02:40.468693 [warn ] [MainThread]: [ConfigFolderDirectory]: Unable to parse logging event dictionary. Failed to parse dir field: expected string or bytes-like object, got 'PosixPath'.. Dictionary: {'dir': PosixPath('/root/.dbt')}
[0m13:02:40.469923 [info ] [MainThread]: Creating dbt configuration folder at 
[0m13:02:40.473919 [debug] [MainThread]: Starter project path: /usr/local/lib/python3.12/site-packages/dbt/include/starter_project
[0m13:02:40.581266 [info ] [MainThread]: 
Your new dbt project "my_project" was created!

For more information on how to configure the profiles.yml file,
please consult the dbt documentation here:

  https://docs.getdbt.com/docs/configure-your-profile

One more thing:

Need help? Don't hesitate to reach out to us via GitHub issues or on Slack:

  https://community.getdbt.com/

Happy modeling!

[0m13:02:40.582147 [info ] [MainThread]: Setting up your profile.
[0m13:02:40.583544 [error] [MainThread]: Encountered an error:

[0m13:02:40.586861 [error] [MainThread]: Traceback (most recent call last):
  File "/usr/local/lib/python3.12/site-packages/dbt/cli/requires.py", line 153, in wrapper
    result, success = func(*args, **kwargs)
                      ^^^^^^^^^^^^^^^^^^^^^
  File "/usr/local/lib/python3.12/site-packages/dbt/cli/requires.py", line 103, in wrapper
    return func(*args, **kwargs)
           ^^^^^^^^^^^^^^^^^^^^^
  File "/usr/local/lib/python3.12/site-packages/dbt/cli/main.py", line 477, in init
    results = task.run()
              ^^^^^^^^^^
  File "/usr/local/lib/python3.12/site-packages/dbt/task/init.py", line 346, in run
    self.setup_profile(profile_name)
  File "/usr/local/lib/python3.12/site-packages/dbt/task/init.py", line 261, in setup_profile
    adapter = self.ask_for_adapter_choice()
              ^^^^^^^^^^^^^^^^^^^^^^^^^^^^^
  File "/usr/local/lib/python3.12/site-packages/dbt/task/init.py", line 242, in ask_for_adapter_choice
    numeric_choice = click.prompt(prompt_msg, type=click.INT)
                     ^^^^^^^^^^^^^^^^^^^^^^^^^^^^^^^^^^^^^^^^
  File "/usr/local/lib/python3.12/site-packages/click/termui.py", line 164, in prompt
    value = prompt_func(prompt)
            ^^^^^^^^^^^^^^^^^^^
  File "/usr/local/lib/python3.12/site-packages/click/termui.py", line 147, in prompt_func
    raise Abort() from None
click.exceptions.Abort

[0m13:02:40.588731 [debug] [MainThread]: Resource report: {"command_name": "init", "command_success": false, "command_wall_clock_time": 0.25609386, "process_in_blocks": "83408", "process_kernel_time": 0.287249, "process_mem_max_rss": "87108", "process_out_blocks": "1464", "process_user_time": 1.148998}
[0m13:02:40.589693 [debug] [MainThread]: Command `dbt init` failed at 13:02:40.589591 after 0.26 seconds
[0m13:02:40.590567 [debug] [MainThread]: Sending event: {'category': 'dbt', 'action': 'invocation', 'label': 'end', 'context': [<snowplow_tracker.self_describing_json.SelfDescribingJson object at 0x7fe23baa9a60>, <snowplow_tracker.self_describing_json.SelfDescribingJson object at 0x7fe23b40b740>, <snowplow_tracker.self_describing_json.SelfDescribingJson object at 0x7fe23b5acf50>]}
[0m13:02:40.591637 [debug] [MainThread]: Flushing usage events
[0m13:02:41.144888 [debug] [MainThread]: An error was encountered while trying to flush usage events
[0m13:03:11.450784 [debug] [MainThread]: Sending event: {'category': 'dbt', 'action': 'invocation', 'label': 'start', 'context': [<snowplow_tracker.self_describing_json.SelfDescribingJson object at 0x7f7920eeba70>, <snowplow_tracker.self_describing_json.SelfDescribingJson object at 0x7f7920eeac60>, <snowplow_tracker.self_describing_json.SelfDescribingJson object at 0x7f7920eeb8c0>]}


============================== 13:03:11.457532 | f2e81e43-f1db-410b-8838-87ec6b033878 ==============================
[0m13:03:11.457532 [info ] [MainThread]: Running with dbt=1.9.0
[0m13:03:11.458487 [debug] [MainThread]: running dbt with arguments {'printer_width': '80', 'indirect_selection': 'eager', 'write_json': 'True', 'log_cache_events': 'False', 'partial_parse': 'True', 'cache_selected_only': 'False', 'warn_error': 'None', 'fail_fast': 'False', 'profiles_dir': '/root/.dbt', 'log_path': 'logs', 'version_check': 'True', 'debug': 'False', 'use_colors': 'True', 'use_experimental_parser': 'False', 'empty': 'None', 'quiet': 'False', 'no_print': 'None', 'log_format': 'default', 'invocation_command': 'dbt init my_project', 'static_parser': 'True', 'warn_error_options': 'WarnErrorOptions(include=[], exclude=[])', 'target_path': 'None', 'introspect': 'True', 'send_anonymous_usage_stats': 'True'}
[0m13:03:11.496305 [warn ] [MainThread]: [ConfigFolderDirectory]: Unable to parse logging event dictionary. Failed to parse dir field: expected string or bytes-like object, got 'PosixPath'.. Dictionary: {'dir': PosixPath('/root/.dbt')}
[0m13:03:11.497355 [info ] [MainThread]: Creating dbt configuration folder at 
[0m13:03:11.499528 [info ] [MainThread]: A project called my_project already exists here.
[0m13:03:11.500795 [debug] [MainThread]: Resource report: {"command_name": "init", "command_success": true, "command_wall_clock_time": 0.09445724, "process_in_blocks": "0", "process_kernel_time": 0.152142, "process_mem_max_rss": "87388", "process_out_blocks": "1464", "process_user_time": 1.119334}
[0m13:03:11.501523 [debug] [MainThread]: Command `dbt init` succeeded at 13:03:11.501438 after 0.10 seconds
[0m13:03:11.502195 [debug] [MainThread]: Sending event: {'category': 'dbt', 'action': 'invocation', 'label': 'end', 'context': [<snowplow_tracker.self_describing_json.SelfDescribingJson object at 0x7f7920935f70>, <snowplow_tracker.self_describing_json.SelfDescribingJson object at 0x7f79209356a0>, <snowplow_tracker.self_describing_json.SelfDescribingJson object at 0x7f7921d33bc0>]}
[0m13:03:11.502859 [debug] [MainThread]: Flushing usage events
[0m13:03:12.092236 [debug] [MainThread]: An error was encountered while trying to flush usage events
[0m13:04:36.260747 [debug] [MainThread]: Sending event: {'category': 'dbt', 'action': 'invocation', 'label': 'start', 'context': [<snowplow_tracker.self_describing_json.SelfDescribingJson object at 0x7f8ae8fd1f70>, <snowplow_tracker.self_describing_json.SelfDescribingJson object at 0x7f8ae93be1b0>, <snowplow_tracker.self_describing_json.SelfDescribingJson object at 0x7f8ae93bc740>]}


============================== 13:04:36.267678 | 823152f5-2276-4b97-859b-3d9648b24a9e ==============================
[0m13:04:36.267678 [info ] [MainThread]: Running with dbt=1.9.0
[0m13:04:36.268872 [debug] [MainThread]: running dbt with arguments {'printer_width': '80', 'indirect_selection': 'eager', 'write_json': 'True', 'log_cache_events': 'False', 'partial_parse': 'True', 'cache_selected_only': 'False', 'profiles_dir': '/root/.dbt', 'version_check': 'True', 'fail_fast': 'False', 'log_path': 'logs', 'debug': 'False', 'warn_error': 'None', 'use_colors': 'True', 'use_experimental_parser': 'False', 'no_print': 'None', 'quiet': 'False', 'empty': 'None', 'log_format': 'default', 'static_parser': 'True', 'warn_error_options': 'WarnErrorOptions(include=[], exclude=[])', 'introspect': 'True', 'target_path': 'None', 'invocation_command': 'dbt init my_project', 'send_anonymous_usage_stats': 'True'}
[0m13:04:36.307255 [warn ] [MainThread]: [ConfigFolderDirectory]: Unable to parse logging event dictionary. Failed to parse dir field: expected string or bytes-like object, got 'PosixPath'.. Dictionary: {'dir': PosixPath('/root/.dbt')}
[0m13:04:36.308224 [info ] [MainThread]: Creating dbt configuration folder at 
[0m13:04:36.310158 [info ] [MainThread]: A project called my_project already exists here.
[0m13:04:36.311626 [debug] [MainThread]: Resource report: {"command_name": "init", "command_success": true, "command_wall_clock_time": 0.095427275, "process_in_blocks": "82752", "process_kernel_time": 0.246507, "process_mem_max_rss": "86792", "process_out_blocks": "1464", "process_user_time": 1.064463}
[0m13:04:36.312327 [debug] [MainThread]: Command `dbt init` succeeded at 13:04:36.312241 after 0.10 seconds
[0m13:04:36.312904 [debug] [MainThread]: Sending event: {'category': 'dbt', 'action': 'invocation', 'label': 'end', 'context': [<snowplow_tracker.self_describing_json.SelfDescribingJson object at 0x7f8ae8ad7470>, <snowplow_tracker.self_describing_json.SelfDescribingJson object at 0x7f8ae929a9c0>, <snowplow_tracker.self_describing_json.SelfDescribingJson object at 0x7f8ae8a30da0>]}
[0m13:04:36.313513 [debug] [MainThread]: Flushing usage events
[0m13:04:36.880240 [debug] [MainThread]: An error was encountered while trying to flush usage events
[0m13:11:09.604516 [debug] [MainThread]: Sending event: {'category': 'dbt', 'action': 'invocation', 'label': 'start', 'context': [<snowplow_tracker.self_describing_json.SelfDescribingJson object at 0x7f51237aa5a0>, <snowplow_tracker.self_describing_json.SelfDescribingJson object at 0x7f5123ce3e60>, <snowplow_tracker.self_describing_json.SelfDescribingJson object at 0x7f51237aae40>]}


============================== 13:11:09.611483 | 100cd637-ca3e-463b-ac1b-d3a3eb9f5501 ==============================
[0m13:11:09.611483 [info ] [MainThread]: Running with dbt=1.9.0
[0m13:11:09.612402 [debug] [MainThread]: running dbt with arguments {'printer_width': '80', 'indirect_selection': 'eager', 'log_cache_events': 'False', 'write_json': 'True', 'partial_parse': 'True', 'cache_selected_only': 'False', 'warn_error': 'None', 'version_check': 'True', 'debug': 'False', 'log_path': 'logs', 'profiles_dir': '/root/.dbt', 'fail_fast': 'False', 'use_colors': 'True', 'use_experimental_parser': 'False', 'empty': 'None', 'quiet': 'False', 'no_print': 'None', 'log_format': 'default', 'introspect': 'True', 'warn_error_options': 'WarnErrorOptions(include=[], exclude=[])', 'invocation_command': 'dbt init my_project', 'target_path': 'None', 'static_parser': 'True', 'send_anonymous_usage_stats': 'True'}
[0m13:11:09.650202 [warn ] [MainThread]: [ConfigFolderDirectory]: Unable to parse logging event dictionary. Failed to parse dir field: expected string or bytes-like object, got 'PosixPath'.. Dictionary: {'dir': PosixPath('/root/.dbt')}
[0m13:11:09.651168 [info ] [MainThread]: Creating dbt configuration folder at 
[0m13:11:09.653473 [debug] [MainThread]: Starter project path: /usr/local/lib/python3.12/site-packages/dbt/include/starter_project
[0m13:11:09.733347 [info ] [MainThread]: 
Your new dbt project "my_project" was created!

For more information on how to configure the profiles.yml file,
please consult the dbt documentation here:

  https://docs.getdbt.com/docs/configure-your-profile

One more thing:

Need help? Don't hesitate to reach out to us via GitHub issues or on Slack:

  https://community.getdbt.com/

Happy modeling!

[0m13:11:09.734114 [info ] [MainThread]: Setting up your profile.
[0m13:12:29.172837 [info ] [MainThread]: Profile my_project written to /root/.dbt/profiles.yml using target's profile_template.yml and your supplied values. Run 'dbt debug' to validate the connection.
[0m13:12:29.175496 [debug] [MainThread]: Resource report: {"command_name": "init", "command_success": true, "command_wall_clock_time": 71.42737, "process_in_blocks": "94152", "process_kernel_time": 0.189247, "process_mem_max_rss": "92432", "process_out_blocks": "1472", "process_user_time": 1.190199}
[0m13:12:29.176454 [debug] [MainThread]: Command `dbt init` succeeded at 13:12:29.176344 after 71.43 seconds
[0m13:12:29.177345 [debug] [MainThread]: Sending event: {'category': 'dbt', 'action': 'invocation', 'label': 'end', 'context': [<snowplow_tracker.self_describing_json.SelfDescribingJson object at 0x7f5124549af0>, <snowplow_tracker.self_describing_json.SelfDescribingJson object at 0x7f512314cfe0>, <snowplow_tracker.self_describing_json.SelfDescribingJson object at 0x7f5123a19640>]}
[0m13:12:29.178115 [debug] [MainThread]: Flushing usage events
[0m13:12:29.782612 [debug] [MainThread]: An error was encountered while trying to flush usage events
